// Jest Snapshot v1, https://goo.gl/fbAQLP

exports[`ExpenseForm.vue calls parent submitExpense properly on valid submission 1`] = `
<div class="expenseform component">
  <!---->
  <form>
    <div class="vdp-datepicker">
      <div class="">
        <!----> <input type="text" name="createdAt" readonly="readonly" autocomplete="off" class="datepicker-input">
        <!---->
      </div>
      <div class="expenseform-datepicker vdp-datepicker__calendar" style="display: none;">
        <header><span class="prev">&lt;</span> <span class="day__month_btn up">Dec 2018</span> <span class="next">&gt;</span></header>
        <div class=""><span class="cell day-header">Sun</span><span class="cell day-header">Mon</span><span class="cell day-header">Tue</span><span class="cell day-header">Wed</span><span class="cell day-header">Thu</span><span class="cell day-header">Fri</span><span class="cell day-header">Sat</span> <span class="cell day blank"></span><span class="cell day blank"></span><span class="cell day blank"></span><span class="cell day blank"></span><span class="cell day blank"></span><span class="cell day blank"></span><span class="cell day weekend sat">1</span><span class="cell day weekend sun">2</span><span class="cell day">3</span><span class="cell day">4</span><span class="cell day">5</span><span class="cell day">6</span><span class="cell day">7</span><span class="cell day weekend sat">8</span><span class="cell day today weekend sun">9</span><span class="cell day">10</span><span class="cell day">11</span><span class="cell day">12</span><span class="cell day">13</span><span class="cell day">14</span><span class="cell day weekend sat">15</span><span class="cell day weekend sun">16</span><span class="cell day">17</span><span class="cell day">18</span><span class="cell day">19</span><span class="cell day">20</span><span class="cell day">21</span><span class="cell day weekend sat">22</span><span class="cell day weekend sun">23</span><span class="cell day">24</span><span class="cell day">25</span><span class="cell day">26</span><span class="cell day">27</span><span class="cell day">28</span><span class="cell day weekend sat">29</span><span class="cell day weekend sun">30</span><span class="cell day">31</span></div>
      </div>
      <div class="expenseform-datepicker vdp-datepicker__calendar" style="display: none;">
        <header><span class="prev">&lt;</span> <span class="month__year_btn up">2018</span> <span class="next">&gt;</span></header> <span class="cell month">January</span><span class="cell month">February</span><span class="cell month">March</span><span class="cell month">April</span><span class="cell month">May</span><span class="cell month">June</span><span class="cell month">July</span><span class="cell month">August</span><span class="cell month">September</span><span class="cell month">October</span><span class="cell month">November</span><span class="cell month">December</span>
      </div>
      <div class="expenseform-datepicker vdp-datepicker__calendar" style="display: none;">
        <header><span class="prev">&lt;</span> <span>2010 - 2019</span> <span class="next">&gt;</span></header> <span class="cell year">2010</span><span class="cell year">2011</span><span class="cell year">2012</span><span class="cell year">2013</span><span class="cell year">2014</span><span class="cell year">2015</span><span class="cell year">2016</span><span class="cell year">2017</span><span class="cell year">2018</span><span class="cell year">2019</span>
      </div>
    </div> <input type="text" name="description" placeholder="Description" autofocus="" class="expenseform-description"> <input type="text" name="amount" placeholder="Amount" class="expenseform-amount"> <textarea name="note" placeholder="Add a note.  (optional)" class="expenseform-note"></textarea> <button type="submit" class="expenseform-submit button">
      Update Expense
    </button>
  </form>
</div>
`;

exports[`ExpenseForm.vue renders ExpenseForm properly for add-expense 1`] = `
<div class="expenseform component">
  <!---->
  <form>
    <div class="vdp-datepicker">
      <div class="">
        <!----> <input type="text" name="createdAt" readonly="readonly" autocomplete="off" class="datepicker-input">
        <!---->
      </div>
      <div class="expenseform-datepicker vdp-datepicker__calendar" style="display: none;">
        <header><span class="prev">&lt;</span> <span class="day__month_btn up">Dec 2018</span> <span class="next">&gt;</span></header>
        <div class=""><span class="cell day-header">Sun</span><span class="cell day-header">Mon</span><span class="cell day-header">Tue</span><span class="cell day-header">Wed</span><span class="cell day-header">Thu</span><span class="cell day-header">Fri</span><span class="cell day-header">Sat</span> <span class="cell day blank"></span><span class="cell day blank"></span><span class="cell day blank"></span><span class="cell day blank"></span><span class="cell day blank"></span><span class="cell day blank"></span><span class="cell day weekend sat">1</span><span class="cell day weekend sun">2</span><span class="cell day">3</span><span class="cell day">4</span><span class="cell day">5</span><span class="cell day">6</span><span class="cell day">7</span><span class="cell day weekend sat">8</span><span class="cell day today weekend sun">9</span><span class="cell day">10</span><span class="cell day">11</span><span class="cell day">12</span><span class="cell day">13</span><span class="cell day">14</span><span class="cell day weekend sat">15</span><span class="cell day weekend sun">16</span><span class="cell day">17</span><span class="cell day">18</span><span class="cell day">19</span><span class="cell day">20</span><span class="cell day">21</span><span class="cell day weekend sat">22</span><span class="cell day weekend sun">23</span><span class="cell day">24</span><span class="cell day">25</span><span class="cell day">26</span><span class="cell day">27</span><span class="cell day">28</span><span class="cell day weekend sat">29</span><span class="cell day weekend sun">30</span><span class="cell day">31</span></div>
      </div>
      <div class="expenseform-datepicker vdp-datepicker__calendar" style="display: none;">
        <header><span class="prev">&lt;</span> <span class="month__year_btn up">2018</span> <span class="next">&gt;</span></header> <span class="cell month">January</span><span class="cell month">February</span><span class="cell month">March</span><span class="cell month">April</span><span class="cell month">May</span><span class="cell month">June</span><span class="cell month">July</span><span class="cell month">August</span><span class="cell month">September</span><span class="cell month">October</span><span class="cell month">November</span><span class="cell month">December</span>
      </div>
      <div class="expenseform-datepicker vdp-datepicker__calendar" style="display: none;">
        <header><span class="prev">&lt;</span> <span>2010 - 2019</span> <span class="next">&gt;</span></header> <span class="cell year">2010</span><span class="cell year">2011</span><span class="cell year">2012</span><span class="cell year">2013</span><span class="cell year">2014</span><span class="cell year">2015</span><span class="cell year">2016</span><span class="cell year">2017</span><span class="cell year">2018</span><span class="cell year">2019</span>
      </div>
    </div> <input type="text" name="description" placeholder="Description" autofocus="" class="expenseform-description"> <input type="text" name="amount" placeholder="Amount" class="expenseform-amount"> <textarea name="note" placeholder="Add a note.  (optional)" class="expenseform-note"></textarea> <button type="submit" class="expenseform-submit button">
      Save Expense
    </button>
  </form>
</div>
`;

exports[`ExpenseForm.vue renders ExpenseForm properly for edit-expense 1`] = `
<div class="expenseform component">
  <!---->
  <form>
    <div class="vdp-datepicker">
      <div class="">
        <!----> <input type="text" name="createdAt" readonly="readonly" autocomplete="off" class="datepicker-input">
        <!---->
      </div>
      <div class="expenseform-datepicker vdp-datepicker__calendar" style="display: none;">
        <header><span class="prev">&lt;</span> <span class="day__month_btn up">Dec 2018</span> <span class="next">&gt;</span></header>
        <div class=""><span class="cell day-header">Sun</span><span class="cell day-header">Mon</span><span class="cell day-header">Tue</span><span class="cell day-header">Wed</span><span class="cell day-header">Thu</span><span class="cell day-header">Fri</span><span class="cell day-header">Sat</span> <span class="cell day blank"></span><span class="cell day blank"></span><span class="cell day blank"></span><span class="cell day blank"></span><span class="cell day blank"></span><span class="cell day blank"></span><span class="cell day weekend sat">1</span><span class="cell day weekend sun">2</span><span class="cell day">3</span><span class="cell day">4</span><span class="cell day">5</span><span class="cell day">6</span><span class="cell day">7</span><span class="cell day weekend sat">8</span><span class="cell day today weekend sun">9</span><span class="cell day">10</span><span class="cell day">11</span><span class="cell day">12</span><span class="cell day">13</span><span class="cell day">14</span><span class="cell day weekend sat">15</span><span class="cell day weekend sun">16</span><span class="cell day">17</span><span class="cell day">18</span><span class="cell day">19</span><span class="cell day">20</span><span class="cell day">21</span><span class="cell day weekend sat">22</span><span class="cell day weekend sun">23</span><span class="cell day">24</span><span class="cell day">25</span><span class="cell day">26</span><span class="cell day">27</span><span class="cell day">28</span><span class="cell day weekend sat">29</span><span class="cell day weekend sun">30</span><span class="cell day">31</span></div>
      </div>
      <div class="expenseform-datepicker vdp-datepicker__calendar" style="display: none;">
        <header><span class="prev">&lt;</span> <span class="month__year_btn up">2018</span> <span class="next">&gt;</span></header> <span class="cell month">January</span><span class="cell month">February</span><span class="cell month">March</span><span class="cell month">April</span><span class="cell month">May</span><span class="cell month">June</span><span class="cell month">July</span><span class="cell month">August</span><span class="cell month">September</span><span class="cell month">October</span><span class="cell month">November</span><span class="cell month">December</span>
      </div>
      <div class="expenseform-datepicker vdp-datepicker__calendar" style="display: none;">
        <header><span class="prev">&lt;</span> <span>2010 - 2019</span> <span class="next">&gt;</span></header> <span class="cell year">2010</span><span class="cell year">2011</span><span class="cell year">2012</span><span class="cell year">2013</span><span class="cell year">2014</span><span class="cell year">2015</span><span class="cell year">2016</span><span class="cell year">2017</span><span class="cell year">2018</span><span class="cell year">2019</span>
      </div>
    </div> <input type="text" name="description" placeholder="Description" autofocus="" class="expenseform-description"> <input type="text" name="amount" placeholder="Amount" class="expenseform-amount"> <textarea name="note" placeholder="Add a note.  (optional)" class="expenseform-note"></textarea> <button type="submit" class="expenseform-submit button">
      Update Expense
    </button>
  </form>
</div>
`;

exports[`ExpenseForm.vue renders error-message on invalid submission 1`] = `
<div class="expenseform component">
  <!---->
  <form>
    <div class="vdp-datepicker">
      <div class="">
        <!----> <input type="text" name="createdAt" readonly="readonly" autocomplete="off" class="datepicker-input">
        <!---->
      </div>
      <div class="expenseform-datepicker vdp-datepicker__calendar" style="display: none;">
        <header><span class="prev">&lt;</span> <span class="day__month_btn up">Dec 2018</span> <span class="next">&gt;</span></header>
        <div class=""><span class="cell day-header">Sun</span><span class="cell day-header">Mon</span><span class="cell day-header">Tue</span><span class="cell day-header">Wed</span><span class="cell day-header">Thu</span><span class="cell day-header">Fri</span><span class="cell day-header">Sat</span> <span class="cell day blank"></span><span class="cell day blank"></span><span class="cell day blank"></span><span class="cell day blank"></span><span class="cell day blank"></span><span class="cell day blank"></span><span class="cell day weekend sat">1</span><span class="cell day weekend sun">2</span><span class="cell day">3</span><span class="cell day">4</span><span class="cell day">5</span><span class="cell day">6</span><span class="cell day">7</span><span class="cell day weekend sat">8</span><span class="cell day today weekend sun">9</span><span class="cell day">10</span><span class="cell day">11</span><span class="cell day">12</span><span class="cell day">13</span><span class="cell day">14</span><span class="cell day weekend sat">15</span><span class="cell day weekend sun">16</span><span class="cell day">17</span><span class="cell day">18</span><span class="cell day">19</span><span class="cell day">20</span><span class="cell day">21</span><span class="cell day weekend sat">22</span><span class="cell day weekend sun">23</span><span class="cell day">24</span><span class="cell day">25</span><span class="cell day">26</span><span class="cell day">27</span><span class="cell day">28</span><span class="cell day weekend sat">29</span><span class="cell day weekend sun">30</span><span class="cell day">31</span></div>
      </div>
      <div class="expenseform-datepicker vdp-datepicker__calendar" style="display: none;">
        <header><span class="prev">&lt;</span> <span class="month__year_btn up">2018</span> <span class="next">&gt;</span></header> <span class="cell month">January</span><span class="cell month">February</span><span class="cell month">March</span><span class="cell month">April</span><span class="cell month">May</span><span class="cell month">June</span><span class="cell month">July</span><span class="cell month">August</span><span class="cell month">September</span><span class="cell month">October</span><span class="cell month">November</span><span class="cell month">December</span>
      </div>
      <div class="expenseform-datepicker vdp-datepicker__calendar" style="display: none;">
        <header><span class="prev">&lt;</span> <span>2010 - 2019</span> <span class="next">&gt;</span></header> <span class="cell year">2010</span><span class="cell year">2011</span><span class="cell year">2012</span><span class="cell year">2013</span><span class="cell year">2014</span><span class="cell year">2015</span><span class="cell year">2016</span><span class="cell year">2017</span><span class="cell year">2018</span><span class="cell year">2019</span>
      </div>
    </div> <input type="text" name="description" placeholder="Description" autofocus="" class="expenseform-description"> <input type="text" name="amount" placeholder="Amount" class="expenseform-amount"> <textarea name="note" placeholder="Add a note.  (optional)" class="expenseform-note"></textarea> <button type="submit" class="expenseform-submit button">
      Save Expense
    </button>
  </form>
</div>
`;

exports[`ExpenseForm.vue renders error-message on invalid submission 2`] = `
<div class="expenseform component">
  <p class="expenseform-error">ERROR: Missing description or amount.</p>
  <form>
    <div class="vdp-datepicker">
      <div class="">
        <!----> <input type="text" name="createdAt" readonly="readonly" autocomplete="off" class="datepicker-input">
        <!---->
      </div>
      <div class="expenseform-datepicker vdp-datepicker__calendar" style="display: none;">
        <header><span class="prev">&lt;</span> <span class="day__month_btn up">Dec 2018</span> <span class="next">&gt;</span></header>
        <div class=""><span class="cell day-header">Sun</span><span class="cell day-header">Mon</span><span class="cell day-header">Tue</span><span class="cell day-header">Wed</span><span class="cell day-header">Thu</span><span class="cell day-header">Fri</span><span class="cell day-header">Sat</span> <span class="cell day blank"></span><span class="cell day blank"></span><span class="cell day blank"></span><span class="cell day blank"></span><span class="cell day blank"></span><span class="cell day blank"></span><span class="cell day weekend sat">1</span><span class="cell day weekend sun">2</span><span class="cell day">3</span><span class="cell day">4</span><span class="cell day">5</span><span class="cell day">6</span><span class="cell day">7</span><span class="cell day weekend sat">8</span><span class="cell day today weekend sun">9</span><span class="cell day">10</span><span class="cell day">11</span><span class="cell day">12</span><span class="cell day">13</span><span class="cell day">14</span><span class="cell day weekend sat">15</span><span class="cell day weekend sun">16</span><span class="cell day">17</span><span class="cell day">18</span><span class="cell day">19</span><span class="cell day">20</span><span class="cell day">21</span><span class="cell day weekend sat">22</span><span class="cell day weekend sun">23</span><span class="cell day">24</span><span class="cell day">25</span><span class="cell day">26</span><span class="cell day">27</span><span class="cell day">28</span><span class="cell day weekend sat">29</span><span class="cell day weekend sun">30</span><span class="cell day">31</span></div>
      </div>
      <div class="expenseform-datepicker vdp-datepicker__calendar" style="display: none;">
        <header><span class="prev">&lt;</span> <span class="month__year_btn up">2018</span> <span class="next">&gt;</span></header> <span class="cell month">January</span><span class="cell month">February</span><span class="cell month">March</span><span class="cell month">April</span><span class="cell month">May</span><span class="cell month">June</span><span class="cell month">July</span><span class="cell month">August</span><span class="cell month">September</span><span class="cell month">October</span><span class="cell month">November</span><span class="cell month">December</span>
      </div>
      <div class="expenseform-datepicker vdp-datepicker__calendar" style="display: none;">
        <header><span class="prev">&lt;</span> <span>2010 - 2019</span> <span class="next">&gt;</span></header> <span class="cell year">2010</span><span class="cell year">2011</span><span class="cell year">2012</span><span class="cell year">2013</span><span class="cell year">2014</span><span class="cell year">2015</span><span class="cell year">2016</span><span class="cell year">2017</span><span class="cell year">2018</span><span class="cell year">2019</span>
      </div>
    </div> <input type="text" name="description" placeholder="Description" autofocus="" class="expenseform-description"> <input type="text" name="amount" placeholder="Amount" class="expenseform-amount"> <textarea name="note" placeholder="Add a note.  (optional)" class="expenseform-note"></textarea> <button type="submit" class="expenseform-submit button">
      Save Expense
    </button>
  </form>
</div>
`;
