// Jest Snapshot v1, https://goo.gl/fbAQLP

exports[`ExpenseListFilters.vue renders ExpenseListFilters component properly 1`] = `
<div class="expenselistfilters component">
  <h4 class="expenselistfilters-title">Filters</h4>
  <div class="expenselistfilters-controls"><input type="text" name="text" placeholder="filter by text">
    <div class="vdp-datepicker">
      <div class="">
        <!----> <input type="text" name="startDate" clear-button="true" readonly="readonly" autocomplete="off" class="datepciker-input"> <span class="vdp-datepicker__clear-button"><span class=""><i><span>×</span></i></span></span> </div>
      <div class="vdp-datepicker__calendar" style="display: none;">
        <header><span class="prev">&lt;</span> <span class="day__month_btn up">Sep 2018</span> <span class="next">&gt;</span></header>
        <div class=""><span class="cell day-header">Sun</span><span class="cell day-header">Mon</span><span class="cell day-header">Tue</span><span class="cell day-header">Wed</span><span class="cell day-header">Thu</span><span class="cell day-header">Fri</span><span class="cell day-header">Sat</span> <span class="cell day blank"></span><span class="cell day blank"></span><span class="cell day blank"></span><span class="cell day blank"></span><span class="cell day blank"></span><span class="cell day blank"></span><span class="cell day weekend sat">1</span><span class="cell day weekend sun">2</span><span class="cell day">3</span><span class="cell day">4</span><span class="cell day">5</span><span class="cell day">6</span><span class="cell day">7</span><span class="cell day weekend sat">8</span><span class="cell day weekend sun">9</span><span class="cell day">10</span><span class="cell day selected">11</span><span class="cell day">12</span><span class="cell day">13</span><span class="cell day">14</span><span class="cell day weekend sat">15</span><span class="cell day weekend sun">16</span><span class="cell day">17</span><span class="cell day">18</span><span class="cell day">19</span><span class="cell day">20</span><span class="cell day">21</span><span class="cell day weekend sat">22</span><span class="cell day weekend sun">23</span><span class="cell day">24</span><span class="cell day">25</span><span class="cell day">26</span><span class="cell day">27</span><span class="cell day">28</span><span class="cell day weekend sat">29</span><span class="cell day weekend sun">30</span></div>
      </div>
      <div class="vdp-datepicker__calendar" style="display: none;">
        <header><span class="prev">&lt;</span> <span class="month__year_btn up">2018</span> <span class="next">&gt;</span></header> <span class="cell month">January</span><span class="cell month">February</span><span class="cell month">March</span><span class="cell month">April</span><span class="cell month">May</span><span class="cell month">June</span><span class="cell month">July</span><span class="cell month">August</span><span class="cell month selected">September</span><span class="cell month">October</span><span class="cell month">November</span><span class="cell month">December</span>
      </div>
      <div class="vdp-datepicker__calendar" style="display: none;">
        <header><span class="prev">&lt;</span> <span>2010 - 2019</span> <span class="next">&gt;</span></header> <span class="cell year">2010</span><span class="cell year">2011</span><span class="cell year">2012</span><span class="cell year">2013</span><span class="cell year">2014</span><span class="cell year">2015</span><span class="cell year">2016</span><span class="cell year">2017</span><span class="cell year selected">2018</span><span class="cell year">2019</span>
      </div>
    </div>
    <div class="vdp-datepicker">
      <div class="">
        <!----> <input type="text" name="endDate" clear-button="true" readonly="readonly" autocomplete="off" class="datepciker-input">
        <!---->
      </div>
      <div class="vdp-datepicker__calendar" style="display: none;">
        <header><span class="prev">&lt;</span> <span class="day__month_btn up">Nov 2018</span> <span class="next">&gt;</span></header>
        <div class=""><span class="cell day-header">Sun</span><span class="cell day-header">Mon</span><span class="cell day-header">Tue</span><span class="cell day-header">Wed</span><span class="cell day-header">Thu</span><span class="cell day-header">Fri</span><span class="cell day-header">Sat</span> <span class="cell day blank"></span><span class="cell day blank"></span><span class="cell day blank"></span><span class="cell day blank"></span><span class="cell day">1</span><span class="cell day">2</span><span class="cell day weekend sat">3</span><span class="cell day weekend sun">4</span><span class="cell day">5</span><span class="cell day">6</span><span class="cell day">7</span><span class="cell day">8</span><span class="cell day">9</span><span class="cell day weekend sat">10</span><span class="cell day today weekend sun">11</span><span class="cell day">12</span><span class="cell day">13</span><span class="cell day">14</span><span class="cell day">15</span><span class="cell day">16</span><span class="cell day weekend sat">17</span><span class="cell day weekend sun">18</span><span class="cell day">19</span><span class="cell day">20</span><span class="cell day">21</span><span class="cell day">22</span><span class="cell day">23</span><span class="cell day weekend sat">24</span><span class="cell day weekend sun">25</span><span class="cell day">26</span><span class="cell day">27</span><span class="cell day">28</span><span class="cell day">29</span><span class="cell day">30</span></div>
      </div>
      <div class="vdp-datepicker__calendar" style="display: none;">
        <header><span class="prev">&lt;</span> <span class="month__year_btn up">2018</span> <span class="next">&gt;</span></header> <span class="cell month">January</span><span class="cell month">February</span><span class="cell month">March</span><span class="cell month">April</span><span class="cell month">May</span><span class="cell month">June</span><span class="cell month">July</span><span class="cell month">August</span><span class="cell month">September</span><span class="cell month">October</span><span class="cell month">November</span><span class="cell month">December</span>
      </div>
      <div class="vdp-datepicker__calendar" style="display: none;">
        <header><span class="prev">&lt;</span> <span>2010 - 2019</span> <span class="next">&gt;</span></header> <span class="cell year">2010</span><span class="cell year">2011</span><span class="cell year">2012</span><span class="cell year">2013</span><span class="cell year">2014</span><span class="cell year">2015</span><span class="cell year">2016</span><span class="cell year">2017</span><span class="cell year">2018</span><span class="cell year">2019</span>
      </div>
    </div> <select name="sortBy">
      <option value="date">Sort by Date</option>
      <option value="amount">Sort by Amount</option>
    </select>
  </div>
</div>
`;

exports[`ExpenseListFilters.vue renders ExpenseListFilters component properly with altered filters 1`] = `
<div class="expenselistfilters component">
  <h4 class="expenselistfilters-title">Filters</h4>
  <div class="expenselistfilters-controls"><input type="text" name="text" placeholder="filter by text">
    <div class="vdp-datepicker">
      <div class="">
        <!----> <input type="text" name="startDate" clear-button="true" readonly="readonly" autocomplete="off" class="datepciker-input"> <span class="vdp-datepicker__clear-button"><span class=""><i><span>×</span></i></span></span> </div>
      <div class="vdp-datepicker__calendar" style="display: none;">
        <header><span class="prev">&lt;</span> <span class="day__month_btn up">Dec 1969</span> <span class="next">&gt;</span></header>
        <div class=""><span class="cell day-header">Sun</span><span class="cell day-header">Mon</span><span class="cell day-header">Tue</span><span class="cell day-header">Wed</span><span class="cell day-header">Thu</span><span class="cell day-header">Fri</span><span class="cell day-header">Sat</span> <span class="cell day blank"></span><span class="cell day">1</span><span class="cell day">2</span><span class="cell day">3</span><span class="cell day">4</span><span class="cell day">5</span><span class="cell day weekend sat">6</span><span class="cell day weekend sun">7</span><span class="cell day">8</span><span class="cell day">9</span><span class="cell day">10</span><span class="cell day">11</span><span class="cell day">12</span><span class="cell day weekend sat">13</span><span class="cell day weekend sun">14</span><span class="cell day">15</span><span class="cell day">16</span><span class="cell day">17</span><span class="cell day">18</span><span class="cell day">19</span><span class="cell day weekend sat">20</span><span class="cell day weekend sun">21</span><span class="cell day">22</span><span class="cell day">23</span><span class="cell day">24</span><span class="cell day">25</span><span class="cell day">26</span><span class="cell day weekend sat">27</span><span class="cell day weekend sun">28</span><span class="cell day">29</span><span class="cell day">30</span><span class="cell day selected">31</span></div>
      </div>
      <div class="vdp-datepicker__calendar" style="display: none;">
        <header><span class="prev">&lt;</span> <span class="month__year_btn up">1969</span> <span class="next">&gt;</span></header> <span class="cell month">January</span><span class="cell month">February</span><span class="cell month">March</span><span class="cell month">April</span><span class="cell month">May</span><span class="cell month">June</span><span class="cell month">July</span><span class="cell month">August</span><span class="cell month">September</span><span class="cell month">October</span><span class="cell month">November</span><span class="cell month selected">December</span>
      </div>
      <div class="vdp-datepicker__calendar" style="display: none;">
        <header><span class="prev">&lt;</span> <span>1960 - 1969</span> <span class="next">&gt;</span></header> <span class="cell year">1960</span><span class="cell year">1961</span><span class="cell year">1962</span><span class="cell year">1963</span><span class="cell year">1964</span><span class="cell year">1965</span><span class="cell year">1966</span><span class="cell year">1967</span><span class="cell year">1968</span><span class="cell year selected">1969</span>
      </div>
    </div>
    <div class="vdp-datepicker">
      <div class="">
        <!----> <input type="text" name="endDate" clear-button="true" readonly="readonly" autocomplete="off" class="datepciker-input"> <span class="vdp-datepicker__clear-button"><span class=""><i><span>×</span></i></span></span> </div>
      <div class="vdp-datepicker__calendar" style="display: none;">
        <header><span class="prev">&lt;</span> <span class="day__month_btn up">Jan 1970</span> <span class="next">&gt;</span></header>
        <div class=""><span class="cell day-header">Sun</span><span class="cell day-header">Mon</span><span class="cell day-header">Tue</span><span class="cell day-header">Wed</span><span class="cell day-header">Thu</span><span class="cell day-header">Fri</span><span class="cell day-header">Sat</span> <span class="cell day blank"></span><span class="cell day blank"></span><span class="cell day blank"></span><span class="cell day blank"></span><span class="cell day">1</span><span class="cell day">2</span><span class="cell day selected weekend sat">3</span><span class="cell day weekend sun">4</span><span class="cell day">5</span><span class="cell day">6</span><span class="cell day">7</span><span class="cell day">8</span><span class="cell day">9</span><span class="cell day weekend sat">10</span><span class="cell day weekend sun">11</span><span class="cell day">12</span><span class="cell day">13</span><span class="cell day">14</span><span class="cell day">15</span><span class="cell day">16</span><span class="cell day weekend sat">17</span><span class="cell day weekend sun">18</span><span class="cell day">19</span><span class="cell day">20</span><span class="cell day">21</span><span class="cell day">22</span><span class="cell day">23</span><span class="cell day weekend sat">24</span><span class="cell day weekend sun">25</span><span class="cell day">26</span><span class="cell day">27</span><span class="cell day">28</span><span class="cell day">29</span><span class="cell day">30</span><span class="cell day weekend sat">31</span></div>
      </div>
      <div class="vdp-datepicker__calendar" style="display: none;">
        <header><span class="prev">&lt;</span> <span class="month__year_btn up">1970</span> <span class="next">&gt;</span></header> <span class="cell month selected">January</span><span class="cell month">February</span><span class="cell month">March</span><span class="cell month">April</span><span class="cell month">May</span><span class="cell month">June</span><span class="cell month">July</span><span class="cell month">August</span><span class="cell month">September</span><span class="cell month">October</span><span class="cell month">November</span><span class="cell month">December</span>
      </div>
      <div class="vdp-datepicker__calendar" style="display: none;">
        <header><span class="prev">&lt;</span> <span>1970 - 1979</span> <span class="next">&gt;</span></header> <span class="cell year selected">1970</span><span class="cell year">1971</span><span class="cell year">1972</span><span class="cell year">1973</span><span class="cell year">1974</span><span class="cell year">1975</span><span class="cell year">1976</span><span class="cell year">1977</span><span class="cell year">1978</span><span class="cell year">1979</span>
      </div>
    </div> <select name="sortBy">
      <option value="date">Sort by Date</option>
      <option value="amount">Sort by Amount</option>
    </select>
  </div>
</div>
`;
